{
  "budget_state": {
    "active_segment_reservations": {},
    "completed_samples": {
      "official": 0,
      "preflight": 360,
      "replay": 0
    },
    "exponential_draws": 3402,
    "failed_samples": {
      "official": 0,
      "preflight": 0,
      "replay": 0
    },
    "gaussian_draws": 3436,
    "known_evaluator_calls": 2442,
    "oracle_calls": {
      "official": 0,
      "preflight": 430,
      "replay": 0,
      "total": 430
    },
    "segments_generated": 3456,
    "segments_reserved": 0,
    "sequence": 2194,
    "tuple_draw_calls": 286,
    "tuple_indices_drawn": 430,
    "uniform_draws": 362,
    "updated_utc": "2026-09-28T21:59:05.693437+00:00",
    "version": "e5-budget-v1"
  },
  "implementation_manifest_sha256": "901d4b7ad115912fd1ce9e28d77c0a3c37b9dd171b0e6dd851a7cce7014967ed",
  "latest_preflight_result_sha256": "86a5fab94e718ef94074625bc968af16d727e41c06c34c07e5b0323c8d22a933",
  "official_directory_exists": false,
  "replay_directory_exists": false,
  "report_sha256": "921f95cdc644d7d0c471fcd3a9db4f224fb0acce806d92efe74e724553e09232",
  "source_files_checked": 6,
  "status": "passed"
}
