{
  "analytic_references_sha256": "fa389cc6f62b0229b7635f415341d2486ee6c8d00579013ae249805d1c35ec60",
  "budget_after": {
    "active_segment_reservations": {},
    "completed_samples": {
      "official": 0,
      "preflight": 180,
      "replay": 0
    },
    "exponential_draws": 1701,
    "failed_samples": {
      "official": 0,
      "preflight": 0,
      "replay": 0
    },
    "gaussian_draws": 1718,
    "known_evaluator_calls": 1221,
    "oracle_calls": {
      "official": 0,
      "preflight": 215,
      "replay": 0,
      "total": 215
    },
    "segments_generated": 1728,
    "segments_reserved": 0,
    "sequence": 1097,
    "tuple_draw_calls": 143,
    "tuple_indices_drawn": 215,
    "uniform_draws": 181,
    "updated_utc": "2026-09-28T21:55:00.028810+00:00",
    "version": "e5-budget-v1"
  },
  "budget_before": {
    "active_segment_reservations": {},
    "completed_samples": {
      "official": 0,
      "preflight": 0,
      "replay": 0
    },
    "exponential_draws": 0,
    "failed_samples": {
      "official": 0,
      "preflight": 0,
      "replay": 0
    },
    "gaussian_draws": 0,
    "known_evaluator_calls": 0,
    "oracle_calls": {
      "official": 0,
      "preflight": 0,
      "replay": 0,
      "total": 0
    },
    "segments_generated": 0,
    "segments_reserved": 0,
    "sequence": 0,
    "tuple_draw_calls": 0,
    "tuple_indices_drawn": 0,
    "uniform_draws": 0,
    "updated_utc": null,
    "version": "e5-budget-v1"
  },
  "claims": [
    "bounded deterministic fixtures and preflight only",
    "no official tag-0 acquisition was executed",
    "no statistical or PDE theorem follows from this preflight"
  ],
  "completed_outputs": 180,
  "fixture_all_passed": true,
  "implementation_manifest_sha256": "196a967e9acf153ab2de91451cf40cee2c969edb6f37e80456579424bbf6d125",
  "opaque_call_maximum_this_attempt": 300,
  "opaque_calls_this_attempt": 215,
  "planned_outputs": 180,
  "primary_outputs": 144,
  "reproducibility_all_passed": true,
  "reproducibility_records": [
    {
      "cell_index": 0,
      "coefficients_bitwise_equal": true,
      "deterministic_metadata_equal": true,
      "sample_index": 0,
      "seed": 2026092901,
      "tag": 1
    },
    {
      "cell_index": 0,
      "coefficients_bitwise_equal": true,
      "deterministic_metadata_equal": true,
      "sample_index": 0,
      "seed": 2026092902,
      "tag": 1
    },
    {
      "cell_index": 0,
      "coefficients_bitwise_equal": true,
      "deterministic_metadata_equal": true,
      "sample_index": 0,
      "seed": 2026092903,
      "tag": 1
    },
    {
      "cell_index": 1,
      "coefficients_bitwise_equal": true,
      "deterministic_metadata_equal": true,
      "sample_index": 0,
      "seed": 2026092901,
      "tag": 1
    },
    {
      "cell_index": 1,
      "coefficients_bitwise_equal": true,
      "deterministic_metadata_equal": true,
      "sample_index": 0,
      "seed": 2026092902,
      "tag": 1
    },
    {
      "cell_index": 1,
      "coefficients_bitwise_equal": true,
      "deterministic_metadata_equal": true,
      "sample_index": 0,
      "seed": 2026092903,
      "tag": 1
    },
    {
      "cell_index": 2,
      "coefficients_bitwise_equal": true,
      "deterministic_metadata_equal": true,
      "sample_index": 0,
      "seed": 2026092901,
      "tag": 1
    },
    {
      "cell_index": 2,
      "coefficients_bitwise_equal": true,
      "deterministic_metadata_equal": true,
      "sample_index": 0,
      "seed": 2026092902,
      "tag": 1
    },
    {
      "cell_index": 2,
      "coefficients_bitwise_equal": true,
      "deterministic_metadata_equal": true,
      "sample_index": 0,
      "seed": 2026092903,
      "tag": 1
    },
    {
      "cell_index": 3,
      "coefficients_bitwise_equal": true,
      "deterministic_metadata_equal": true,
      "sample_index": 0,
      "seed": 2026092901,
      "tag": 1
    },
    {
      "cell_index": 3,
      "coefficients_bitwise_equal": true,
      "deterministic_metadata_equal": true,
      "sample_index": 0,
      "seed": 2026092902,
      "tag": 1
    },
    {
      "cell_index": 3,
      "coefficients_bitwise_equal": true,
      "deterministic_metadata_equal": true,
      "sample_index": 0,
      "seed": 2026092903,
      "tag": 1
    },
    {
      "cell_index": 4,
      "coefficients_bitwise_equal": true,
      "deterministic_metadata_equal": true,
      "sample_index": 0,
      "seed": 2026092901,
      "tag": 1
    },
    {
      "cell_index": 4,
      "coefficients_bitwise_equal": true,
      "deterministic_metadata_equal": true,
      "sample_index": 0,
      "seed": 2026092902,
      "tag": 1
    },
    {
      "cell_index": 4,
      "coefficients_bitwise_equal": true,
      "deterministic_metadata_equal": true,
      "sample_index": 0,
      "seed": 2026092903,
      "tag": 1
    },
    {
      "cell_index": 5,
      "coefficients_bitwise_equal": true,
      "deterministic_metadata_equal": true,
      "sample_index": 0,
      "seed": 2026092901,
      "tag": 1
    },
    {
      "cell_index": 5,
      "coefficients_bitwise_equal": true,
      "deterministic_metadata_equal": true,
      "sample_index": 0,
      "seed": 2026092902,
      "tag": 1
    },
    {
      "cell_index": 5,
      "coefficients_bitwise_equal": true,
      "deterministic_metadata_equal": true,
      "sample_index": 0,
      "seed": 2026092903,
      "tag": 1
    },
    {
      "cell_index": 6,
      "coefficients_bitwise_equal": true,
      "deterministic_metadata_equal": true,
      "sample_index": 0,
      "seed": 2026092901,
      "tag": 1
    },
    {
      "cell_index": 6,
      "coefficients_bitwise_equal": true,
      "deterministic_metadata_equal": true,
      "sample_index": 0,
      "seed": 2026092902,
      "tag": 1
    },
    {
      "cell_index": 6,
      "coefficients_bitwise_equal": true,
      "deterministic_metadata_equal": true,
      "sample_index": 0,
      "seed": 2026092903,
      "tag": 1
    },
    {
      "cell_index": 7,
      "coefficients_bitwise_equal": true,
      "deterministic_metadata_equal": true,
      "sample_index": 0,
      "seed": 2026092901,
      "tag": 1
    },
    {
      "cell_index": 7,
      "coefficients_bitwise_equal": true,
      "deterministic_metadata_equal": true,
      "sample_index": 0,
      "seed": 2026092902,
      "tag": 1
    },
    {
      "cell_index": 7,
      "coefficients_bitwise_equal": true,
      "deterministic_metadata_equal": true,
      "sample_index": 0,
      "seed": 2026092903,
      "tag": 1
    },
    {
      "cell_index": 8,
      "coefficients_bitwise_equal": true,
      "deterministic_metadata_equal": true,
      "sample_index": 0,
      "seed": 2026092901,
      "tag": 1
    },
    {
      "cell_index": 8,
      "coefficients_bitwise_equal": true,
      "deterministic_metadata_equal": true,
      "sample_index": 0,
      "seed": 2026092902,
      "tag": 1
    },
    {
      "cell_index": 8,
      "coefficients_bitwise_equal": true,
      "deterministic_metadata_equal": true,
      "sample_index": 0,
      "seed": 2026092903,
      "tag": 1
    },
    {
      "cell_index": 9,
      "coefficients_bitwise_equal": true,
      "deterministic_metadata_equal": true,
      "sample_index": 0,
      "seed": 2026092901,
      "tag": 1
    },
    {
      "cell_index": 9,
      "coefficients_bitwise_equal": true,
      "deterministic_metadata_equal": true,
      "sample_index": 0,
      "seed": 2026092902,
      "tag": 1
    },
    {
      "cell_index": 9,
      "coefficients_bitwise_equal": true,
      "deterministic_metadata_equal": true,
      "sample_index": 0,
      "seed": 2026092903,
      "tag": 1
    },
    {
      "cell_index": 10,
      "coefficients_bitwise_equal": true,
      "deterministic_metadata_equal": true,
      "sample_index": 0,
      "seed": 2026092901,
      "tag": 1
    },
    {
      "cell_index": 10,
      "coefficients_bitwise_equal": true,
      "deterministic_metadata_equal": true,
      "sample_index": 0,
      "seed": 2026092902,
      "tag": 1
    },
    {
      "cell_index": 10,
      "coefficients_bitwise_equal": true,
      "deterministic_metadata_equal": true,
      "sample_index": 0,
      "seed": 2026092903,
      "tag": 1
    },
    {
      "cell_index": 11,
      "coefficients_bitwise_equal": true,
      "deterministic_metadata_equal": true,
      "sample_index": 0,
      "seed": 2026092901,
      "tag": 1
    },
    {
      "cell_index": 11,
      "coefficients_bitwise_equal": true,
      "deterministic_metadata_equal": true,
      "sample_index": 0,
      "seed": 2026092902,
      "tag": 1
    },
    {
      "cell_index": 11,
      "coefficients_bitwise_equal": true,
      "deterministic_metadata_equal": true,
      "sample_index": 0,
      "seed": 2026092903,
      "tag": 1
    }
  ],
  "reproducibility_repeat_outputs": 36,
  "run_directory": "artifacts/smooth-field-component/preflight-v1/runs/preflight-0001",
  "sample_metadata_sha256": "a00e2fb39017139eced7ea70678903f4f2f0d74f20396d040eda38b7bb286d67",
  "source_snapshot_hashes": {
    "budget.py": "3f1bbb3a523e453f2cc8044b8ce502a2138e34d0b036c33a29d445ad787dfcba",
    "driver.py": "73d2e78e89325170b9db5b1775ba65edfef40f13f648da8d8cba26916301b827",
    "experiment.py": "021698adfb8994d3f7188875ff4eb19ddd0f0cbf9e9de66eea4e8af68b4f7576",
    "fixtures.py": "efc36545f60775bc196813f1a50a622f5d287e0f810cedb66b80ced4c7e73dc2",
    "smooth_field.py": "c04cc667c0138dd57bd554940bd9a37684347e78549ecc139bfd4061d5452883",
    "source_checks.py": "d492f0107cb6672374e5383e201e79c41db63972fca83b7cf2cddda4bbfab53f"
  },
  "status": "passed_implementation_preflight; official_not_executed",
  "utc": "2026-09-28T21:55:00.029237+00:00"
}
