2026-09-25T17:08:15.696965+00:00 start rows=60 samples_per_row=2048 batch_size=32
2026-09-25T17:08:15.721019+00:00 row=00 problem=flat state=flat T=0.05 r=2 x=0 mean=+0.51745850 exact=+0.51885870 nodes=1.30/1.33 seconds=0.003
2026-09-25T17:08:15.724574+00:00 row=01 problem=wave state=fixed T=0.05 r=2 x=-2 mean=-0.88811437 exact=-0.88844946 nodes=1.31/1.33 seconds=0.003
2026-09-25T17:08:15.728012+00:00 row=02 problem=wave state=fixed T=0.05 r=2 x=0 mean=-0.51620169 exact=-0.51874122 nodes=1.33/1.33 seconds=0.003
2026-09-25T17:08:15.731494+00:00 row=03 problem=wave state=fixed T=0.05 r=2 x=2 mean=-0.12795197 exact=-0.12730504 nodes=1.35/1.33 seconds=0.003
2026-09-25T17:08:15.735123+00:00 row=04 problem=wave state=moving_front T=0.05 r=2 x=0.075 mean=-0.49815767 exact=-0.50000000 nodes=1.30/1.33 seconds=0.003
2026-09-25T17:08:15.742034+00:00 row=05 problem=flat state=flat T=0.25 r=2 x=0 mean=+0.59111002 exact=+0.59553442 nodes=3.43/3.58 seconds=0.007
2026-09-25T17:08:15.749827+00:00 row=06 problem=wave state=fixed T=0.25 r=2 x=-2 mean=-0.91370916 exact=-0.91490095 nodes=3.62/3.58 seconds=0.008
2026-09-25T17:08:15.756985+00:00 row=07 problem=wave state=fixed T=0.25 r=2 x=0 mean=-0.59067829 exact=-0.59266660 nodes=3.49/3.58 seconds=0.007
2026-09-25T17:08:15.764407+00:00 row=08 problem=wave state=fixed T=0.25 r=2 x=2 mean=-0.16583812 exact=-0.16451646 nodes=3.68/3.58 seconds=0.007
2026-09-25T17:08:15.771567+00:00 row=09 problem=wave state=moving_front T=0.25 r=2 x=0.375 mean=-0.50447874 exact=-0.50000000 nodes=3.50/3.58 seconds=0.007
2026-09-25T17:08:15.783735+00:00 row=10 problem=flat state=flat T=0.5 r=2 x=0 mean=+0.68671223 exact=+0.68946855 nodes=10.26/10.58 seconds=0.012
2026-09-25T17:08:15.796377+00:00 row=11 problem=wave state=fixed T=0.5 r=2 x=-2 mean=-0.93817126 exact=-0.93991335 nodes=10.60/10.58 seconds=0.012
2026-09-25T17:08:15.809437+00:00 row=12 problem=wave state=fixed T=0.5 r=2 x=0 mean=-0.68341051 exact=-0.67917870 nodes=10.52/10.58 seconds=0.013
2026-09-25T17:08:15.822471+00:00 row=13 problem=wave state=fixed T=0.5 r=2 x=2 mean=-0.22322224 exact=-0.22270014 nodes=10.44/10.58 seconds=0.013
2026-09-25T17:08:15.834930+00:00 row=14 problem=wave state=moving_front T=0.5 r=2 x=0.75 mean=-0.50271648 exact=-0.50000000 nodes=9.90/10.58 seconds=0.012
2026-09-25T17:08:15.868255+00:00 row=15 problem=flat state=flat T=1 r=2 x=0 mean=+0.83963545 exact=+0.84334726 nodes=78.27/81.40 seconds=0.033
2026-09-25T17:08:15.906230+00:00 row=16 problem=wave state=fixed T=1 r=2 x=-2 mean=-0.97322999 exact=-0.97068777 nodes=82.82/81.40 seconds=0.038
2026-09-25T17:08:15.944701+00:00 row=17 problem=wave state=fixed T=1 r=2 x=0 mean=-0.81578791 exact=-0.81757448 nodes=82.87/81.40 seconds=0.038
2026-09-25T17:08:15.982469+00:00 row=18 problem=wave state=fixed T=1 r=2 x=2 mean=-0.38044016 exact=-0.37754067 nodes=81.18/81.40 seconds=0.038
2026-09-25T17:08:16.020357+00:00 row=19 problem=wave state=moving_front T=1 r=2 x=1.5 mean=-0.49747516 exact=-0.50000000 nodes=81.51/81.40 seconds=0.038
2026-09-25T17:08:16.161911+00:00 row=20 problem=flat state=flat T=1.5 r=2 x=0 mean=+0.93155027 exact=+0.93276391 nodes=600.72/604.64 seconds=0.141
2026-09-25T17:08:16.333083+00:00 row=21 problem=wave state=fixed T=1.5 r=2 x=-2 mean=-0.98584846 exact=-0.98593637 nodes=610.82/604.64 seconds=0.171
2026-09-25T17:08:16.505355+00:00 row=22 problem=wave state=fixed T=1.5 r=2 x=0 mean=-0.90249682 exact=-0.90465054 nodes=615.48/604.64 seconds=0.172
2026-09-25T17:08:16.676576+00:00 row=23 problem=wave state=fixed T=1.5 r=2 x=2 mean=-0.55965747 exact=-0.56217650 nodes=611.81/604.64 seconds=0.171
2026-09-25T17:08:16.845551+00:00 row=24 problem=wave state=moving_front T=1.5 r=2 x=2.25 mean=-0.49727657 exact=-0.50000000 nodes=596.03/604.64 seconds=0.169
2026-09-25T17:08:17.738380+00:00 row=25 problem=flat state=flat T=2 r=2 x=0 mean=+0.97353284 exact=+0.97360926 nodes=4412.33/4470.94 seconds=0.893
2026-09-25T17:08:18.775480+00:00 row=26 problem=wave state=fixed T=2 r=2 x=-2 mean=-0.99430249 exact=-0.99330715 nodes=4184.86/4470.94 seconds=1.037
2026-09-25T17:08:19.871708+00:00 row=27 problem=wave state=fixed T=2 r=2 x=0 mean=-0.95444566 exact=-0.95257413 nodes=4437.00/4470.94 seconds=1.096
2026-09-25T17:08:21.012238+00:00 row=28 problem=wave state=fixed T=2 r=2 x=2 mean=-0.73560062 exact=-0.73105858 nodes=4615.03/4470.94 seconds=1.140
2026-09-25T17:08:22.030556+00:00 row=29 problem=wave state=moving_front T=2 r=2 x=3 mean=-0.49252438 exact=-0.50000000 nodes=4077.62/4470.94 seconds=1.018
2026-09-25T17:08:22.039304+00:00 row=30 problem=flat state=flat T=0.25 r=2.5 x=0 mean=+0.59740464 exact=+0.59553442 nodes=4.83/4.74 seconds=0.008
2026-09-25T17:08:22.047990+00:00 row=31 problem=wave state=fixed T=0.25 r=2.5 x=-2 mean=-0.91345924 exact=-0.91490095 nodes=4.61/4.74 seconds=0.008
2026-09-25T17:08:22.056692+00:00 row=32 problem=wave state=fixed T=0.25 r=2.5 x=0 mean=-0.59576497 exact=-0.59266660 nodes=4.82/4.74 seconds=0.008
2026-09-25T17:08:22.065218+00:00 row=33 problem=wave state=fixed T=0.25 r=2.5 x=2 mean=-0.16427124 exact=-0.16451646 nodes=4.74/4.74 seconds=0.008
2026-09-25T17:08:22.073382+00:00 row=34 problem=wave state=moving_front T=0.25 r=2.5 x=0.375 mean=-0.49772674 exact=-0.50000000 nodes=4.62/4.74 seconds=0.008
2026-09-25T17:08:22.088458+00:00 row=35 problem=flat state=flat T=0.5 r=2.5 x=0 mean=+0.68788757 exact=+0.68946855 nodes=17.30/17.77 seconds=0.015
2026-09-25T17:08:22.104787+00:00 row=36 problem=wave state=fixed T=0.5 r=2.5 x=-2 mean=-0.94045544 exact=-0.93991335 nodes=17.97/17.77 seconds=0.016
2026-09-25T17:08:22.121409+00:00 row=37 problem=wave state=fixed T=0.5 r=2.5 x=0 mean=-0.67809509 exact=-0.67917870 nodes=18.21/17.77 seconds=0.016
2026-09-25T17:08:22.137422+00:00 row=38 problem=wave state=fixed T=0.5 r=2.5 x=2 mean=-0.21822457 exact=-0.22270014 nodes=17.17/17.77 seconds=0.016
2026-09-25T17:08:22.154152+00:00 row=39 problem=wave state=moving_front T=0.5 r=2.5 x=0.75 mean=-0.50165190 exact=-0.50000000 nodes=17.76/17.77 seconds=0.017
2026-09-25T17:08:22.219740+00:00 row=40 problem=flat state=flat T=1 r=2.5 x=0 mean=+0.83959483 exact=+0.84334726 nodes=215.50/222.12 seconds=0.065
2026-09-25T17:08:22.297241+00:00 row=41 problem=wave state=fixed T=1 r=2.5 x=-2 mean=-0.96981605 exact=-0.97068777 nodes=229.50/222.12 seconds=0.077
2026-09-25T17:08:22.373149+00:00 row=42 problem=wave state=fixed T=1 r=2.5 x=0 mean=-0.82360357 exact=-0.81757448 nodes=223.07/222.12 seconds=0.076
2026-09-25T17:08:22.448832+00:00 row=43 problem=wave state=fixed T=1 r=2.5 x=2 mean=-0.37971724 exact=-0.37754067 nodes=222.36/222.12 seconds=0.075
2026-09-25T17:08:22.524772+00:00 row=44 problem=wave state=moving_front T=1 r=2.5 x=1.5 mean=-0.49952607 exact=-0.50000000 nodes=225.29/222.12 seconds=0.076
2026-09-25T17:08:22.533952+00:00 row=45 problem=flat state=flat T=0.25 r=3 x=0 mean=+0.59222844 exact=+0.59553442 nodes=5.95/6.22 seconds=0.009
2026-09-25T17:08:22.543485+00:00 row=46 problem=wave state=fixed T=0.25 r=3 x=-2 mean=-0.91154000 exact=-0.91490095 nodes=5.84/6.22 seconds=0.009
2026-09-25T17:08:22.553285+00:00 row=47 problem=wave state=fixed T=0.25 r=3 x=0 mean=-0.59261899 exact=-0.59266660 nodes=6.40/6.22 seconds=0.010
2026-09-25T17:08:22.562922+00:00 row=48 problem=wave state=fixed T=0.25 r=3 x=2 mean=-0.16790888 exact=-0.16451646 nodes=6.16/6.22 seconds=0.009
2026-09-25T17:08:22.572697+00:00 row=49 problem=wave state=moving_front T=0.25 r=3 x=0.375 mean=-0.50207423 exact=-0.50000000 nodes=6.30/6.22 seconds=0.010
2026-09-25T17:08:22.592654+00:00 row=50 problem=flat state=flat T=0.5 r=3 x=0 mean=+0.68967005 exact=+0.68946855 nodes=30.09/29.63 seconds=0.020
2026-09-25T17:08:22.613988+00:00 row=51 problem=wave state=fixed T=0.5 r=3 x=-2 mean=-0.94003144 exact=-0.93991335 nodes=29.31/29.63 seconds=0.021
2026-09-25T17:08:22.635247+00:00 row=52 problem=wave state=fixed T=0.5 r=3 x=0 mean=-0.67965167 exact=-0.67917870 nodes=29.86/29.63 seconds=0.021
2026-09-25T17:08:22.655777+00:00 row=53 problem=wave state=fixed T=0.5 r=3 x=2 mean=-0.22168930 exact=-0.22270014 nodes=28.40/29.63 seconds=0.020
2026-09-25T17:08:22.677617+00:00 row=54 problem=wave state=moving_front T=0.5 r=3 x=0.75 mean=-0.49922180 exact=-0.50000000 nodes=30.86/29.63 seconds=0.022
2026-09-25T17:08:22.819561+00:00 row=55 problem=flat state=flat T=1 r=3 x=0 mean=+0.84474738 exact=+0.84334726 nodes=600.34/604.64 seconds=0.142
2026-09-25T17:08:22.984374+00:00 row=56 problem=wave state=fixed T=1 r=3 x=-2 mean=-0.97014510 exact=-0.97068777 nodes=587.69/604.64 seconds=0.165
2026-09-25T17:08:23.156311+00:00 row=57 problem=wave state=fixed T=1 r=3 x=0 mean=-0.81609481 exact=-0.81757448 nodes=608.71/604.64 seconds=0.172
2026-09-25T17:08:23.326583+00:00 row=58 problem=wave state=fixed T=1 r=3 x=2 mean=-0.38420479 exact=-0.37754067 nodes=606.25/604.64 seconds=0.170
2026-09-25T17:08:23.490632+00:00 row=59 problem=wave state=moving_front T=1 r=3 x=1.5 mean=-0.49940878 exact=-0.50000000 nodes=582.84/604.64 seconds=0.164
2026-09-25T17:08:23.563665+00:00 complete rows=60 roots=122880 total_seconds=7.856 raw_sha256=a05f404895daf22a02abb4056c15975b41d414ef3b5ec0cd4267199c30e4b74a
