{
  "aggregate": {
    "final_mc_mean": 0.0032944594404593804,
    "final_mc_spread": 0.002784579258065232,
    "final_three_seed_empirical_rms": 0.003539624140161601,
    "max_g_error": 0.02167828214308843,
    "max_initial_error": 0.019327818588690288,
    "max_midpoint_error": 0.010732532959291363,
    "max_seed_stage_mc_error": 0.006551731098166013,
    "max_three_seed_empirical_rms": 0.004680482579961569,
    "max_tree_value_second_moment": 0.05849290766759976,
    "nodes": 70801171,
    "projection_count": 514,
    "projection_fraction": 0.8566666666666667,
    "roots": 60000000,
    "stage_of_max_empirical_rms": 159,
    "stages": 600
  },
  "checks": {
    "all_H_finite_no_filtering": true,
    "all_X_in_half_open_period": true,
    "all_projected_coefficients_feasible": true,
    "manifest_hashes": true,
    "max_archive_error_recomputation_difference": 3.469446951953614e-18,
    "max_bhat_recomputation_difference": 0.0,
    "max_progress_error_recomputation_difference": 3.469446951953614e-18,
    "max_projected_recomputation_difference": 0.0,
    "max_raw_coefficient_recomputation_difference": 0.0,
    "max_variational_inequality_violation": 2.4574692824641475e-19,
    "prior_chain_exact": true,
    "stage_schema_and_root_accounting": true
  },
  "initial_protected_files": {
    "all_unchanged": true,
    "changed": [],
    "count": 342,
    "missing": []
  },
  "seeds": {
    "2026092801": {
      "coefficient_max": [
        1.0,
        1.0
      ],
      "coefficient_min": [
        0.9,
        0.9
      ],
      "elapsed_seconds": 41.375715166796,
      "final_mc_error": 0.0023398697322486485,
      "max_mc_error": 0.006295719767255356,
      "nodes": 23601272,
      "projection_count": 179,
      "roots": 20000000
    },
    "2026092802": {
      "coefficient_max": [
        0.9830644689606324,
        0.9857855573960065
      ],
      "coefficient_min": [
        0.9002511235051088,
        0.9019750373994669
      ],
      "elapsed_seconds": 42.54163912497461,
      "final_mc_error": 0.0024190595988156116,
      "max_mc_error": 0.004398297012893245,
      "nodes": 23596128,
      "projection_count": 169,
      "roots": 20000000
    },
    "2026092803": {
      "coefficient_max": [
        0.974157675268001,
        0.9723529151364031
      ],
      "coefficient_min": [
        0.9,
        0.9
      ],
      "elapsed_seconds": 40.88818175019696,
      "final_mc_error": 0.005124448990313881,
      "max_mc_error": 0.0065517310981660125,
      "nodes": 23603771,
      "projection_count": 166,
      "roots": 20000000
    }
  },
  "selected": {
    "1": {
      "0.95g": 0.010732532959291363,
      "0.9g": 0.00021996070628726384,
      "g": 0.02167828214308843,
      "mc_by_seed": [
        0.0001603229307149214,
        0.0003045426872679621,
        0.00021205824592308164
      ],
      "mc_empirical_rms": 0.00023339408029152998,
      "mc_mean": 0.00022564128796865503,
      "mc_spread": 0.00014421975655304068,
      "time": 0.08
    },
    "100": {
      "0.95g": 0.0031941160700781407,
      "0.9g": 0.014139660130244864,
      "g": 0.007752195707187239,
      "mc_by_seed": [
        0.0028121710852410074,
        0.0019113765305284714,
        0.00040261143295637045
      ],
      "mc_empirical_rms": 0.001976846176790009,
      "mc_mean": 0.0017087196829086162,
      "mc_spread": 0.002409559652284637,
      "time": 8.0
    },
    "13": {
      "0.95g": 0.008308459216200848,
      "0.9g": 0.0026402737736778378,
      "g": 0.01925387533557026,
      "mc_by_seed": [
        0.002004977680643177,
        0.00027166656982415623,
        0.00019214517014854132
      ],
      "mc_empirical_rms": 0.0011734078562671958,
      "mc_mean": 0.0008229298068719582,
      "mc_spread": 0.0018128325104946356,
      "time": 1.04
    },
    "200": {
      "0.95g": 0.008382011597830955,
      "0.9g": 0.019327818588690288,
      "g": 0.0025638715642810144,
      "mc_by_seed": [
        0.0023398697322486485,
        0.002419059598815611,
        0.005124448990313881
      ],
      "mc_empirical_rms": 0.003539624140161601,
      "mc_mean": 0.0032944594404593804,
      "mc_spread": 0.002784579258065232,
      "time": 16.0
    },
    "25": {
      "0.95g": 0.006120603362795524,
      "0.9g": 0.004826971591469041,
      "g": 0.017065921839958857,
      "mc_by_seed": [
        0.0009315974285898167,
        0.0012306135443068624,
        0.0017321390547984854
      ],
      "mc_empirical_rms": 0.0013394761624785573,
      "mc_mean": 0.001298116675898388,
      "mc_spread": 0.0008005416262086687,
      "time": 2.0
    },
    "5": {
      "0.95g": 0.009897423269925473,
      "0.9g": 0.0010547117068916544,
      "g": 0.020842920379029815,
      "mc_by_seed": [
        0.000248946197503578,
        0.0002645588337557603,
        0.0006595258328172128
      ],
      "mc_empirical_rms": 0.0004347182650571657,
      "mc_mean": 0.000391010288025517,
      "mc_spread": 0.00041057963531363476,
      "time": 0.4
    },
    "50": {
      "0.95g": 0.0022532192028709946,
      "0.9g": 0.008694276426834513,
      "g": 0.0131979287355732,
      "mc_by_seed": [
        0.0012787081174234246,
        0.0002992571621361535,
        0.0019957995242555686
      ],
      "mc_empirical_rms": 0.0013793555306341552,
      "mc_mean": 0.0011912549346050488,
      "mc_spread": 0.001696542362119415,
      "time": 4.0
    }
  }
}
