{
  "gram": {
    "condition_number": 6.9334637510290085,
    "decimal_precision": 80,
    "eigenvalues": [
      0.00453549272106896,
      0.031446674374587556
    ],
    "elliptic_identity": [
      [
        0.005932934222077341,
        0.00597109364648233
      ],
      [
        0.00597109364648233,
        0.030049232873579173
      ]
    ],
    "grid_points": 262144,
    "high_precision_quadrature": [
      [
        0.005932934222077341,
        0.00597109364648233
      ],
      [
        0.00597109364648233,
        0.030049232873579173
      ]
    ],
    "identity_grid_max_abs_difference": 4.163336342344337e-17,
    "identity_quadrature_max_abs_difference": 0.0,
    "not_a_rigorous_rounding_enclosure": true,
    "periodic_grid": [
      [
        0.0059329342220773434,
        0.005971093646482335
      ],
      [
        0.005971093646482335,
        0.030049232873579215
      ]
    ],
    "positive_definite": true
  },
  "primary_total_roots": 60000000,
  "reference": {
    "convergence_max": 1.0560761786271712e-11,
    "convergence_per_time": [
      4.0875366422008033e-17,
      1.6327658093608108e-13,
      5.81141453942467e-12,
      1.7056056979292115e-13,
      1.0560761786271712e-11,
      2.8204659452031e-13,
      8.573642986880694e-13,
      1.11137521692757e-12,
      6.162393441959462e-13,
      3.1537649544502743e-13,
      1.0557847626981438e-12,
      9.35328091050846e-13,
      8.403565773274999e-14,
      1.6748125951349033e-13,
      1.7676833821848672e-13,
      2.1433874035731759e-13,
      3.6089009481931577e-13,
      9.269973937100274e-13,
      1.0901291983077196e-12,
      4.8955980655621e-13,
      4.459342720960312e-13,
      1.1062698097602445e-12,
      8.275958358268137e-13,
      4.9741177245350977e-14,
      1.2695688374173244e-13,
      1.8587810754774041e-13,
      1.7669624173313737e-13,
      4.455475877430797e-13,
      9.897845228244272e-13,
      1.0505905349728566e-12,
      3.5177712333032725e-13,
      5.755386409931085e-13,
      1.1361600301440633e-12,
      6.995609465845739e-13,
      9.793011474666947e-14,
      1.9856886920697996e-13,
      1.7697269469600643e-13,
      1.0672099599537328e-13,
      5.343643675615248e-13,
      1.0427852302529524e-12,
      9.915977998765634e-13,
      2.0719972803296423e-13,
      7.009338657000884e-13,
      1.1420758993033606e-12,
      5.559313478814368e-13,
      1.0641718311461052e-13,
      1.899055379683582e-13,
      1.7902346444657293e-13,
      1.8080000150131486e-13,
      6.254973673597368e-13,
      1.0833212268812666e-12,
      9.12389799152074e-13,
      1.147581654726857e-13,
      8.185338614921647e-13,
      1.1211350444856016e-12,
      4.039833029260439e-13,
      8.289231701224038e-14,
      1.5833138451353673e-13,
      1.8015208233511194e-13,
      1.522479378274941e-13,
      7.16713503147857e-13,
      1.1087004207498611e-12,
      8.129761067591045e-13,
      8.301906826730747e-14,
      9.242211369777103e-13,
      1.0714135827772305e-12,
      2.545530733654933e-13,
      1.3307707248752096e-13,
      2.1192207493807324e-13,
      1.5997068426907606e-13,
      2.29381516866766e-13,
      8.052890668887109e-13,
      1.1163131942842076e-12,
      6.946098911481995e-13,
      2.2951408052884384e-13,
      1.0136830407621195e-12,
      9.92215344004826e-13,
      1.2238652402610856e-13,
      1.3915376916566903e-13,
      2.0593192340496514e-13,
      1.5903241522407833e-13,
      3.1476433825536745e-13,
      8.88467389417808e-13,
      1.1040020621361705e-12,
      5.593240670676179e-13,
      3.771942567418346e-13,
      1.0826164801141454e-12,
      8.845544370527586e-13,
      9.26760274750201e-14,
      1.2182010998714485e-13,
      1.762171227696968e-13,
      1.5048409720931647e-13,
      4.0680422623512783e-13,
      9.632227898853227e-13,
      1.0699214398906087e-12,
      4.105406212552683e-13,
      5.230211306499692e-13,
      1.1269550460118152e-12,
      7.514409524754229e-13,
      1.0152274947993642e-13,
      1.7338672631484416e-13,
      2.115836638988786e-13,
      1.1376269591613483e-13,
      5.036074620172447e-13,
      1.0263695093505013e-12,
      1.0129197154371797e-12,
      2.531487636335471e-13,
      6.63298743592462e-13,
      1.1429960503148533e-12,
      5.985942309119789e-13,
      6.829586432010243e-14,
      1.745999290942626e-13,
      2.040064881242536e-13,
      1.204072674437132e-13,
      6.027566472755045e-13,
      1.0748620590466768e-12,
      9.3266509628157e-13,
      9.361702557426292e-14,
      7.938656199724879e-13,
      1.127854382609112e-12,
      4.3497991759401846e-13,
      1.0003509255702941e-13,
      1.5701315308178133e-13,
      1.6999132224273747e-13,
      1.3963958479122683e-13,
      7.014769131066893e-13,
      1.105766865724421e-12,
      8.296070236243103e-13,
      6.158525042182907e-14,
      9.101915727751401e-13,
      1.0798391938920516e-12,
      2.731598076195543e-13,
      1.1724209844139396e-13,
      2.0837177803020804e-13,
      1.8719213169173777e-13,
      2.2097908852876473e-13,
      7.968288912814739e-13,
      1.116424670817575e-12,
      7.054220332911839e-13,
      2.1771654136796357e-13,
      1.0076569102247044e-12,
      9.986242944198035e-13,
      1.298835573931246e-13,
      1.0909453092644252e-13,
      2.0124858935330813e-13,
      1.7528160022759692e-13,
      3.11074265825378e-13,
      8.855749339960857e-13,
      1.104694167603271e-12,
      5.631055993662728e-13,
      3.740339111865179e-13,
      1.081669417774927e-12,
      8.859582978434746e-13,
      1.63392519729541e-13,
      1.271473780410587e-13,
      1.7650072789009565e-13,
      1.3260388778987658e-13,
      4.0788629824788664e-13,
      9.643257330777357e-13,
      1.0689682358858714e-12,
      4.066731302995302e-13,
      5.272998179291996e-13,
      1.127981281894612e-12,
      7.459286276703617e-13,
      1.3254132465146865e-13,
      1.448256922416729e-13,
      2.2674422158090224e-13,
      1.3374814834028245e-13,
      5.093612103087802e-13,
      1.029896151988679e-12,
      1.0083042479769399e-12,
      2.418566035854174e-13,
      6.734484415046788e-13,
      1.1429588381364243e-12,
      5.854144966380322e-13,
      6.837590737246366e-14,
      1.4914380988614512e-13,
      2.0753204508297035e-13,
      1.19043759585848e-13,
      6.125802898424122e-13,
      1.0788957845808895e-12,
      9.227686836053953e-13,
      7.62238464923664e-14,
      8.078977505438747e-13,
      1.1239440761370465e-12,
      4.1512778147822925e-13,
      1.8176158284536016e-13,
      1.5892779827964394e-13,
      1.6917653364958564e-13,
      1.4991922687485748e-13,
      7.147258853712766e-13,
      1.108509689054928e-12,
      8.132404733264878e-13,
      1.3513993333377046e-13,
      9.259587760099761e-13,
      1.069657538801524e-12,
      2.493667508615906e-13,
      1.5656174787247237e-13,
      1.6983019273062304e-13,
      2.2100502825030627e-13,
      5.5048132886124684e-15
    ],
    "grid_points": 16384,
    "json_path": "/Users/michael/Desktop/NTU/fyp/parabolab/docs/research/runs/2026-09-28-dynamic-continuation/artifacts/reference/reference.json",
    "json_sha256": "55e597562d74a2ed72d34a70aead8a0131d33a753eff64b1d8420bb466f8820e",
    "npz_path": "/Users/michael/Desktop/NTU/fyp/parabolab/docs/research/runs/2026-09-28-dynamic-continuation/artifacts/reference/reference.npz",
    "npz_sha256": "abf0d174b4c5492f32560ba4243474fa00a9cc1abee13fb03562d8632bc970b3"
  },
  "sampler_sha256": "994e892784f36930fa63649aa749985448df75887f9096f6c40c142b46ff108a"
}
