EstimatorIntegrity/GaussianCommonComponent.lean:102:0: warning: automatically included section variable(s) unused in theorem `EstimatorIntegrity.GaussianCommonComponent.commonPart_hasGaussianLaw`:
  [Nonempty I]
consider restructuring your `variable` declarations so that the variables are not in scope or explicitly omit them:
  omit [Nonempty I] in theorem ...

Note: This linter can be disabled with `set_option linter.unusedSectionVars false`
EstimatorIntegrity/GaussianCommonComponent.lean:107:0: warning: automatically included section variable(s) unused in theorem `EstimatorIntegrity.GaussianCommonComponent.residualPart_hasGaussianLaw`:
  [Nonempty I]
consider restructuring your `variable` declarations so that the variables are not in scope or explicitly omit them:
  omit [Nonempty I] in theorem ...

Note: This linter can be disabled with `set_option linter.unusedSectionVars false`
EstimatorIntegrity/GaussianCommonComponent.lean:115:0: warning: automatically included section variable(s) unused in theorem `EstimatorIntegrity.GaussianCommonComponent.pair_hasGaussianLaw`:
  [Nonempty I]
consider restructuring your `variable` declarations so that the variables are not in scope or explicitly omit them:
  omit [Nonempty I] in theorem ...

Note: This linter can be disabled with `set_option linter.unusedSectionVars false`
EstimatorIntegrity/GaussianCommonComponent.lean:125:0: warning: automatically included section variable(s) unused in theorem `EstimatorIntegrity.GaussianCommonComponent.commonPart_mean_zero`:
  [Nonempty I]
  [IsProbabilityMeasure mu]
consider restructuring your `variable` declarations so that the variables are not in scope or explicitly omit them:
  omit [Nonempty I] [IsProbabilityMeasure mu] in theorem ...

Note: This linter can be disabled with `set_option linter.unusedSectionVars false`
EstimatorIntegrity/GaussianCommonComponent.lean:142:0: warning: automatically included section variable(s) unused in theorem `EstimatorIntegrity.GaussianCommonComponent.covariance_coord_commonPart`:
  [Nonempty I]
consider restructuring your `variable` declarations so that the variables are not in scope or explicitly omit them:
  omit [Nonempty I] in theorem ...

Note: This linter can be disabled with `set_option linter.unusedSectionVars false`
EstimatorIntegrity/GaussianCommonComponent.lean:252:12: warning: This simp argument is unused:
  Function.comp_def

Hint: Omit it from the simp argument list.
  [apply] simp [residualPart]

Note: This linter can be disabled with `set_option linter.unusedSimpArgs false`
EstimatorIntegrity/GaussianCommonComponent.lean:258:0: warning: automatically included section variable(s) unused in theorem `EstimatorIntegrity.GaussianCommonComponent.boundedContinuous_integrable_original`:
  [Nonempty I]
consider restructuring your `variable` declarations so that the variables are not in scope or explicitly omit them:
  omit [Nonempty I] in theorem ...

Note: This linter can be disabled with `set_option linter.unusedSectionVars false`
EstimatorIntegrity/GaussianCommonComponent.lean:296:0: warning: automatically included section variable(s) unused in theorem `EstimatorIntegrity.GaussianCommonComponent.edgeLeafVector_hasGaussianLaw`:
  [Nonempty I]
consider restructuring your `variable` declarations so that the variables are not in scope or explicitly omit them:
  omit [Nonempty I] in theorem ...

Note: This linter can be disabled with `set_option linter.unusedSectionVars false`
EstimatorIntegrity/GaussianCommonComponent.lean:312:0: warning: automatically included section variable(s) unused in theorem `EstimatorIntegrity.GaussianCommonComponent.edgeLeafVector_mean_zero`:
  [Fintype I]
  [Nonempty I]
  [IsProbabilityMeasure mu]
consider restructuring your `variable` declarations so that the variables are not in scope or explicitly omit them:
  omit [Fintype I] [Nonempty I] [IsProbabilityMeasure mu] in theorem ...

Note: This linter can be disabled with `set_option linter.unusedSectionVars false`
EstimatorIntegrity/GaussianCommonComponent.lean:323:0: warning: automatically included section variable(s) unused in theorem `EstimatorIntegrity.GaussianCommonComponent.edgeVariance_nonneg`:
  [Fintype E]
  [IsProbabilityMeasure mu]
consider restructuring your `variable` declarations so that the variables are not in scope or explicitly omit them:
  omit [Fintype E] [IsProbabilityMeasure mu] in theorem ...

Note: This linter can be disabled with `set_option linter.unusedSectionVars false`
EstimatorIntegrity/GaussianCommonComponent.lean:323:29: warning: Variable name `hYGauss` is not explicitly referenced.

Hint: The binding can be removed (if unused) or named `_` (if used implicitly). Alternatively, prefix the name with `_` to silence this warning:
  [apply] _hYGauss

Note: This linter can be disabled with `set_option linter.unusedVariables false`
EstimatorIntegrity/GaussianCommonComponent.lean:328:0: warning: automatically included section variable(s) unused in theorem `EstimatorIntegrity.GaussianCommonComponent.edgeVariables_covariance`:
  [Fintype E]
  [IsProbabilityMeasure mu]
consider restructuring your `variable` declarations so that the variables are not in scope or explicitly omit them:
  omit [Fintype E] [IsProbabilityMeasure mu] in theorem ...

Note: This linter can be disabled with `set_option linter.unusedSectionVars false`
EstimatorIntegrity/GaussianCommonComponent.lean:339:0: warning: automatically included section variable(s) unused in theorem `EstimatorIntegrity.GaussianCommonComponent.edgeLeafVector_covariance`:
  [Fintype I]
  [Nonempty I]
consider restructuring your `variable` declarations so that the variables are not in scope or explicitly omit them:
  omit [Fintype I] [Nonempty I] in theorem ...

Note: This linter can be disabled with `set_option linter.unusedSectionVars false`
EstimatorIntegrity/GaussianCommonComponent.lean:353:10: warning: This simp argument is unused:
  mul_assoc

Hint: Omit it from the simp argument list.
  [apply] simp [mul_left_comm, mul_comm]

Note: This linter can be disabled with `set_option linter.unusedSimpArgs false`
EstimatorIntegrity/GaussianCommonComponent.lean:357:0: warning: automatically included section variable(s) unused in theorem `EstimatorIntegrity.GaussianCommonComponent.weighted_edgeCovariance`:
  [Nonempty I]
consider restructuring your `variable` declarations so that the variables are not in scope or explicitly omit them:
  omit [Nonempty I] in theorem ...

Note: This linter can be disabled with `set_option linter.unusedSectionVars false`
EstimatorIntegrity/GaussianCommonComponent.lean:384:5: warning: Variable name `hYMean` is not explicitly referenced.

Hint: The binding can be removed (if unused) or named `_` (if used implicitly). Alternatively, prefix the name with `_` to silence this warning:
  [apply] _hYMean

Note: This linter can be disabled with `set_option linter.unusedVariables false`
