'EstimatorIntegrity.sliceFamily' depends on axioms: [propext, Classical.choice, Quot.sound]
'EstimatorIntegrity.uniformSlice' depends on axioms: [propext, Classical.choice, Quot.sound]
'EstimatorIntegrity.uniformSlice_isProbabilityMeasure' depends on axioms: [propext, Classical.choice, Quot.sound]
'EstimatorIntegrity.uniformSlice_singleton' depends on axioms: [propext, Classical.choice, Quot.sound]
'EstimatorIntegrity.compatibleEvent' depends on axioms: [propext, Classical.choice, Quot.sound]
'EstimatorIntegrity.compatibleFamily' depends on axioms: [propext, Classical.choice, Quot.sound]
'EstimatorIntegrity.mem_sliceFamily' depends on axioms: [propext, Classical.choice, Quot.sound]
'EstimatorIntegrity.mem_compatibleFamily' depends on axioms: [propext, Classical.choice, Quot.sound]
'EstimatorIntegrity.compatibleFamily_eq_filter_sdiff' depends on axioms: [propext, Classical.choice, Quot.sound]
'EstimatorIntegrity.compatibleFamily_card' depends on axioms: [propext, Classical.choice, Quot.sound]
'EstimatorIntegrity.conditionedSlice' depends on axioms: [propext, Classical.choice, Quot.sound]
'EstimatorIntegrity.uniformSlice_compatibleEvent' depends on axioms: [propext, Classical.choice, Quot.sound]
'EstimatorIntegrity.uniformSlice_compatibleEvent_pos' depends on axioms: [propext, Classical.choice, Quot.sound]
'EstimatorIntegrity.conditionedSlice_eq_uniformCompatible' depends on axioms: [propext, Classical.choice, Quot.sound]
'EstimatorIntegrity.conditionedSlice_isProbabilityMeasure' depends on axioms: [propext, Classical.choice, Quot.sound]
'EstimatorIntegrity.unrevealedSet' depends on axioms: [propext, Classical.choice, Quot.sound]
'EstimatorIntegrity.nextBit' depends on axioms: [propext, Classical.choice, Quot.sound]
'EstimatorIntegrity.measurable_nextBit' depends on axioms: [propext, Classical.choice, Quot.sound]
'EstimatorIntegrity.sliceParameter' depends on axioms: [propext, Classical.choice, Quot.sound]
'EstimatorIntegrity.sliceRatio_le' depends on axioms: [propext, Classical.choice, Quot.sound]
'EstimatorIntegrity.conditionedSlice_next_true' depends on axioms: [propext, Classical.choice, Quot.sound]
'EstimatorIntegrity.conditionedSlice_next_true_zero' depends on axioms: [propext, Classical.choice, Quot.sound]
'EstimatorIntegrity.conditionedSlice_next_true_one' depends on axioms: [propext, Classical.choice, Quot.sound]
'EstimatorIntegrity.conditionedSlice_map_nextBit' depends on axioms: [propext, Classical.choice, Quot.sound]
'EstimatorIntegrity.twoSlice_feasible' depends on axioms: [propext, Classical.choice, Quot.sound]
'EstimatorIntegrity.twoSlice_ratio_bounds' depends on axioms: [propext, Classical.choice, Quot.sound]
'EstimatorIntegrity.twoSlice_next_kl_ne_top' depends on axioms: [propext, Classical.choice, Quot.sound]
'EstimatorIntegrity.twoSlice_next_kl_toReal_le' depends on axioms: [propext, Classical.choice, Quot.sound]
